








(base) ninadhegde@ninadhegde-ROG-Strix-G731GU-G731GU:~$ ls 
.anaconda/                 .conda/                    Downloads/                 .ipython/                  Pictures/                  .sudo_as_admin_successful  
anaconda3/                 .condarc                   .fontconfig/               .jupyter/                  .pki/                      Templates/                 
.bash_history              .config/                   git/                       .lesshst                   .profile                   typescript                 
.bash_logout               .continuum/                .gitconfig                 .local/                    Public/                    Videos/                    
.bashrc                    Desktop/                   .gnupg/                    Music/                     snap/                      .vscode/                   
.cache/                    Documents/                 hi                         oops/                      .ssh/                      wap/                       
(base) ninadhegde@ninadhegde-ROG-Strix-G731GU-G731GU:~$ ls git/
file1.txt  file2.txt  first.txt  .git/      lss/       
(base) ninadhegde@ninadhegde-ROG-Strix-G731GU-G731GU:~$ ls git/
file1.txt  file2.txt  first.txt  lss
(base) ninadhegde@ninadhegde-ROG-Strix-G731GU-G731GU:~$ cd lss
bash: cd: lss: No such file or directory
(base) ninadhegde@ninadhegde-ROG-Strix-G731GU-G731GU:~$ cd git/
(base) ninadhegde@ninadhegde-ROG-Strix-G731GU-G731GU:~/git$ cd lss
(base) ninadhegde@ninadhegde-ROG-Strix-G731GU-G731GU:~/git/lss$ echo print("Hello world") >> hello.py
bash: syntax error near unexpected token `('
(base) ninadhegde@ninadhegde-ROG-Strix-G731GU-G731GU:~/git/lss$ echo print("Hello world") > hello.py
bash: syntax error near unexpected token `('
(base) ninadhegde@ninadhegde-ROG-Strix-G731GU-G731GU:~/git/lss$ echo "print("Hello world")" > hello.py
(base) ninadhegde@ninadhegde-ROG-Strix-G731GU-G731GU:~/git/lss$ git add .
(base) ninadhegde@ninadhegde-ROG-Strix-G731GU-G731GU:~/git/lss$ git status
On branch main
Your branch is up to date with 'origin/main'.

Changes to be committed:
  (use "git restore --staged <file>..." to unstage)
	new file:   01_03_lss .txt
	new file:   hello.py

(base) ninadhegde@ninadhegde-ROG-Strix-G731GU-G731GU:~/git/lss$ git commit -m "py program hello created"
[main 6862dfa] py program hello created
 2 files changed, 1 insertion(+)
 create mode 100644 01_03_lss .txt
 create mode 100644 hello.py
(base) ninadhegde@ninadhegde-ROG-Strix-G731GU-G731GU:~/git/lss$ git push -u origin main
Enumerating objects: 4, done.
Counting objects: 100% (4/4), done.
Delta compression using up to 12 threads
Compressing objects: 100% (2/2), done.
Writing objects: 100% (3/3), 341 bytes | 341.00 KiB/s, done.
Total 3 (delta 1), reused 0 (delta 0), pack-reused 0
remote: Resolving deltas: 100% (1/1), completed with 1 local object.
To github.com:ninadhegde/lss.git
   24a4f12..6862dfa  main -> main
Branch 'main' set up to track remote branch 'main' from 'origin'.
(base) ninadhegde@ninadhegde-ROG-Strix-G731GU-G731GU:~/git/lss$ git add .
(base) ninadhegde@ninadhegde-ROG-Strix-G731GU-G731GU:~/git/lss$ git status
On branch main
Your branch is up to date with 'origin/main'.

Changes to be committed:
  (use "git restore --staged <file>..." to unstage)
	modified:   01_03_lss .txt

(base) ninadhegde@ninadhegde-ROG-Strix-G731GU-G731GU:~/git/lss$ git commit -m "Lss added notes march 1"
[main 0758c7e] Lss added notes march 1
 1 file changed, 35 insertions(+)
(base) ninadhegde@ninadhegde-ROG-Strix-G731GU-G731GU:~/git/lss$ git push -u origin main
Enumerating objects: 5, done.
Counting objects: 100% (5/5), done.
Delta compression using up to 12 threads
Compressing objects: 100% (3/3), done.
Writing objects: 100% (3/3), 865 bytes | 865.00 KiB/s, done.
Total 3 (delta 1), reused 0 (delta 0), pack-reused 0
remote: Resolving deltas: 100% (1/1), completed with 1 local object.
To github.com:ninadhegde/lss.git
   6862dfa..0758c7e  main -> main
Branch 'main' set up to track remote branch 'main' from 'origin'.
(base) ninadhegde@ninadhegde-ROG-Strix-G731GU-G731GU:~/git/lss$ git status
On branch main
Your branch is up to date with 'origin/main'.

Changes not staged for commit:
  (use "git add <file>..." to update what will be committed)
  (use "git restore <file>..." to discard changes in working directory)
	modified:   01_03_lss .txt

no changes added to commit (use "git add" and/or "git commit -a")
(base) ninadhegde@ninadhegde-ROG-Strix-G731GU-G731GU:~/git/lss$ git commit -m "Lss added notes march 1.1"
On branch main
Your branch is up to date with 'origin/main'.

Changes not staged for commit:
  (use "git add <file>..." to update what will be committed)
  (use "git restore <file>..." to discard changes in working directory)
	modified:   01_03_lss .txt

no changes added to commit (use "git add" and/or "git commit -a")
(base) ninadhegde@ninadhegde-ROG-Strix-G731GU-G731GU:~/git/lss$ git log
commit 0758c7e37473d8a4e8e2bdecdfa3786827a54af2 (HEAD -> main, origin/main, origin/HEAD)
Author: ninadhegde <ninadhegde@gmail.com>
Date:   Wed Mar 1 14:42:07 2023 +0530

    Lss added notes march 1

commit 6862dfa34465f2e1ff228eea788151db630ad911
Author: ninadhegde <ninadhegde@gmail.com>
Date:   Wed Mar 1 14:40:23 2023 +0530

    py program hello created

commit 24a4f12e6d13b7f6e24e9252f657acf6b240eef6
Author: ninadhegde <ninadhegde@gmail.com>
Date:   Wed Mar 1 00:13:27 2023 +0530

    Added lss command logs

commit 337f52d5fdd1b2902188462501fe05cdd4a4f6bc
Author: ninadhegde <ninadhegde@gmail.com>
Date:   Wed Mar 1 00:05:05 2023 +0530

    Added lss command logs

commit 38221ec74458db9ec60ff32d6ac927ffd4f2fd99
Author: Ninad Hegde <91817083+ninadhegde@users.noreply.github.com>
Date:   Tue Feb 28 13:17:38 2023 +0530

    Initial commit
(base) ninadhegde@ninadhegde-ROG-Strix-G731GU-G731GU:~/git/lss$ git fetch git@github.com:ninadhegde/lss.git
remote: Enumerating objects: 4, done.
remote: Counting objects: 100% (4/4), done.
remote: Compressing objects: 100% (2/2), done.
remote: Total 3 (delta 1), reused 0 (delta 0), pack-reused 0
Unpacking objects: 100% (3/3), 703 bytes | 351.00 KiB/s, done.
From github.com:ninadhegde/lss
 * branch            HEAD       -> FETCH_HEAD
(base) ninadhegde@ninadhegde-ROG-Strix-G731GU-G731GU:~/git/lss$ git merge git@github.com:ninadhegde/lss.git/main
merge: git@github.com:ninadhegde/lss.git/main - not something we can merge
(base) ninadhegde@ninadhegde-ROG-Strix-G731GU-G731GU:~/git/lss$ git pull git@github.com:ninadhegde/lss.git main
From github.com:ninadhegde/lss
 * branch            main       -> FETCH_HEAD
Updating 0758c7e..b08ce71
Fast-forward
 remote_file.txt | 1 +
 1 file changed, 1 insertion(+)
 create mode 100644 remote_file.txt
(base) ninadhegde@ninadhegde-ROG-Strix-G731GU-G731GU:~/git/lss$ cd lss
(base) ninadhegde@ninadhegde-ROG-Strix-G731GU-G731GU:~/git/lss/lss$ git branch -m not_main
(base) ninadhegde@ninadhegde-ROG-Strix-G731GU-G731GU:~/git/lss/lss$ git add new\ branch\ test.txt 
(base) ninadhegde@ninadhegde-ROG-Strix-G731GU-G731GU:~/git/lss/lss$ git status
On branch not_main
Your branch is up to date with 'origin/main'.

Changes to be committed:
  (use "git restore --staged <file>..." to unstage)
	new file:   new branch test.txt

(base) ninadhegde@ninadhegde-ROG-Strix-G731GU-G731GU:~/git/lss/lss$ git commit -m "Testing sub branch"
[not_main 90958f3] Testing sub branch
 1 file changed, 1 insertion(+)
 create mode 100644 new branch test.txt
(base) ninadhegde@ninadhegde-ROG-Strix-G731GU-G731GU:~/git/lss/lss$ git log
commit 90958f3ab5dc08135f6257a1c7d2b971576a0406 (HEAD -> not_main)
Author: ninadhegde <ninadhegde@gmail.com>
Date:   Wed Mar 1 15:09:43 2023 +0530

    Testing sub branch

commit 38221ec74458db9ec60ff32d6ac927ffd4f2fd99 (origin/main, origin/HEAD)
Author: Ninad Hegde <91817083+ninadhegde@users.noreply.github.com>
Date:   Tue Feb 28 13:17:38 2023 +0530

    Initial commit
(base) ninadhegde@ninadhegde-ROG-Strix-G731GU-G731GU:~/git/lss/lss$ git push -u origin not_main
To github.com:ninadhegde/lss.git
 ! [rejected]        not_main -> not_main (fetch first)
error: failed to push some refs to 'github.com:ninadhegde/lss.git'
hint: Updates were rejected because the remote contains work that you do
hint: not have locally. This is usually caused by another repository pushing
hint: to the same ref. You may want to first integrate the remote changes
hint: (e.g., 'git pull ...') before pushing again.
hint: See the 'Note about fast-forwards' in 'git push --help' for details.
(base) ninadhegde@ninadhegde-ROG-Strix-G731GU-G731GU:~/git/lss/lss$ git pull git@github.com:ninadhegde/lss.git not_main
remote: Enumerating objects: 22, done.
remote: Counting objects: 100% (22/22), done.
remote: Compressing objects: 100% (15/15), done.
remote: Total 21 (delta 5), reused 16 (delta 3), pack-reused 0
Unpacking objects: 100% (21/21), 34.76 KiB | 245.00 KiB/s, done.
From github.com:ninadhegde/lss
 * branch            not_main   -> FETCH_HEAD
hint: You have divergent branches and need to specify how to reconcile them.
hint: You can do so by running one of the following commands sometime before
hint: your next pull:
hint: 
hint:   git config pull.rebase false  # merge (the default strategy)
hint:   git config pull.rebase true   # rebase
hint:   git config pull.ff only       # fast-forward only
hint: 
hint: You can replace "git config" with "git config --global" to set a default
hint: preference for all repositories. You can also pass --rebase, --no-rebase,
hint: or --ff-only on the command line to override the configured default per
hint: invocation.
fatal: Need to specify how to reconcile divergent branches.
(base) ninadhegde@ninadhegde-ROG-Strix-G731GU-G731GU:~/git/lss/lss$ git push -u origin not_main
To github.com:ninadhegde/lss.git
 ! [rejected]        not_main -> not_main (non-fast-forward)
error: failed to push some refs to 'github.com:ninadhegde/lss.git'
hint: Updates were rejected because the tip of your current branch is behind
hint: its remote counterpart. Integrate the remote changes (e.g.
hint: 'git pull ...') before pushing again.
hint: See the 'Note about fast-forwards' in 'git push --help' for details.
(base) ninadhegde@ninadhegde-ROG-Strix-G731GU-G731GU:~/git/lss/lss$ cd ..
(base) ninadhegde@ninadhegde-ROG-Strix-G731GU-G731GU:~/git/lss$ git branch -m main
(base) ninadhegde@ninadhegde-ROG-Strix-G731GU-G731GU:~/git/lss$ git add .
(base) ninadhegde@ninadhegde-ROG-Strix-G731GU-G731GU:~/git/lss$ git status
On branch main
Your branch is ahead of 'origin/main' by 1 commit.
  (use "git push" to publish your local commits)

Changes to be committed:
  (use "git restore --staged <file>..." to unstage)
	modified:   01_03_lss .txt
	modified:   lss

(base) ninadhegde@ninadhegde-ROG-Strix-G731GU-G731GU:~/git/lss$ git push -u origin main
Branch 'main' set up to track remote branch 'main' from 'origin'.
Everything up-to-date
(base) ninadhegde@ninadhegde-ROG-Strix-G731GU-G731GU:~/git/lss$ git commit -m "Lss no changes just testing march 1.3"
[main 7cface8] Lss no changes just testing march 1.3
 2 files changed, 3 insertions(+), 1 deletion(-)
(base) ninadhegde@ninadhegde-ROG-Strix-G731GU-G731GU:~/git/lss$ git push -u origin main
Enumerating objects: 5, done.
Counting objects: 100% (5/5), done.
Delta compression using up to 12 threads
Compressing objects: 100% (3/3), done.
Writing objects: 100% (3/3), 329 bytes | 329.00 KiB/s, done.
Total 3 (delta 2), reused 0 (delta 0), pack-reused 0
remote: Resolving deltas: 100% (2/2), completed with 2 local objects.
To github.com:ninadhegde/lss.git
   b08ce71..7cface8  main -> main
Branch 'main' set up to track remote branch 'main' from 'origin'.
(base) ninadhegde@ninadhegde-ROG-Strix-G731GU-G731GU:~/git/lss$ git remote -v
origin	git@github.com:ninadhegde/lss.git (fetch)
origin	git@github.com:ninadhegde/lss.git (push)
(base) ninadhegde@ninadhegde-ROG-Strix-G731GU-G731GU:~/git/lss$ git status
On branch main
Your branch is up to date with 'origin/main'.

nothing to commit, working tree clean
(base) ninadhegde@ninadhegde-ROG-Strix-G731GU-G731GU:~/git/lss$ cat /etc/shells
# /etc/shells: valid login shells
/bin/sh
/bin/bash
/usr/bin/bash
/bin/rbash
/usr/bin/rbash
/usr/bin/sh
/bin/dash
/usr/bin/dash
(base) ninadhegde@ninadhegde-ROG-Strix-G731GU-G731GU:~/git/lss$ git add .
(base) ninadhegde@ninadhegde-ROG-Strix-G731GU-G731GU:~/git/lss$ git status
On branch main
Your branch is up to date with 'origin/main'.

Changes to be committed:
  (use "git restore --staged <file>..." to unstage)
	modified:   01_03_lss .txt
	new file:   script0.sh

Changes not staged for commit:
  (use "git add <file>..." to update what will be committed)
  (use "git restore <file>..." to discard changes in working directory)
  (commit or discard the untracked or modified content in submodules)
	modified:   lss (modified content)

(base) ninadhegde@ninadhegde-ROG-Strix-G731GU-G731GU:~/git/lss$ ls
'01_03_lss .txt'      14_02_lss.txt   21_02_lss.txt    '28_02_lss  .txt'   hello.py   README.md         script01.sh    Topics.txt
 14_02_lss_long.txt   15_02_lss.txt  '22_02_lss .txt'   assignment.txt     lss        remote_file.txt   script0..txt
(base) ninadhegde@ninadhegde-ROG-Strix-G731GU-G731GU:~/git/lss$ s
Display all 209 possibilities? (y or n)
(base) ninadhegde@ninadhegde-ROG-Strix-G731GU-G731GU:~/git/lss$ s
s: command not found
(base) ninadhegde@ninadhegde-ROG-Strix-G731GU-G731GU:~/git/lss$ ls
'01_03_lss .txt'      14_02_lss.txt   21_02_lss.txt    '28_02_lss  .txt'   hello.py   README.md         script01.sh    Topics.txt
 14_02_lss_long.txt   15_02_lss.txt  '22_02_lss .txt'   assignment.txt     lss        remote_file.txt   script0..txt
(base) ninadhegde@ninadhegde-ROG-Strix-G731GU-G731GU:~/git/lss$ cat script01.sh 
ls
echo "ollo"
mkdir script_test
cd script_test
echo "I am inside script directory"
(base) ninadhegde@ninadhegde-ROG-Strix-G731GU-G731GU:~/git/lss$ script01.sh 
script01.sh: command not found
(base) ninadhegde@ninadhegde-ROG-Strix-G731GU-G731GU:~/git/lss$ sh script01.sh 
'01_03_lss .txt'      14_02_lss.txt   21_02_lss.txt    '28_02_lss  .txt'   hello.py   README.md         script01.sh    Topics.txt
 14_02_lss_long.txt   15_02_lss.txt  '22_02_lss .txt'   assignment.txt	   lss	      remote_file.txt   script0..txt
ollo
I am inside script directory
(base) ninadhegde@ninadhegde-ROG-Strix-G731GU-G731GU:~/git/lss$ git add .
(base) ninadhegde@ninadhegde-ROG-Strix-G731GU-G731GU:~/git/lss$ git status
On branch main
Your branch is up to date with 'origin/main'.

Changes to be committed:
  (use "git restore --staged <file>..." to unstage)
	modified:   01_03_lss .txt
	new file:   script0..txt
	new file:   script01.sh

Changes not staged for commit:
  (use "git add <file>..." to update what will be committed)
  (use "git restore <file>..." to discard changes in working directory)
  (commit or discard the untracked or modified content in submodules)
	modified:   lss (modified content)

(base) ninadhegde@ninadhegde-ROG-Strix-G731GU-G731GU:~/git/lss$ git add .
(base) ninadhegde@ninadhegde-ROG-Strix-G731GU-G731GU:~/git/lss$ git status
On branch main
Your branch is up to date with 'origin/main'.

Changes to be committed:
  (use "git restore --staged <file>..." to unstage)
	modified:   01_03_lss .txt
	new file:   script0.txt
	new file:   script01.sh

Changes not staged for commit:
  (use "git add <file>..." to update what will be committed)
  (use "git restore <file>..." to discard changes in working directory)
  (commit or discard the untracked or modified content in submodules)
	modified:   lss (modified content)

(base) ninadhegde@ninadhegde-ROG-Strix-G731GU-G731GU:~/git/lss$ sh script01.sh 
'01_03_lss .txt'      14_02_lss.txt   21_02_lss.txt    '28_02_lss  .txt'   hello.py   README.md         script01.sh   script_test
 14_02_lss_long.txt   15_02_lss.txt  '22_02_lss .txt'   assignment.txt	   lss	      remote_file.txt   script0.txt   Topics.txt
ollo
(base) ninadhegde@ninadhegde-ROG-Strix-G731GU-G731GU:~/git/lss$ cat /s
sbin/ snap/ srv/  sys/  
(base) ninadhegde@ninadhegde-ROG-Strix-G731GU-G731GU:~/git/lss$ git add .
(base) ninadhegde@ninadhegde-ROG-Strix-G731GU-G731GU:~/git/lss$ git status
On branch main
Your branch is up to date with 'origin/main'.

Changes to be committed:
  (use "git restore --staged <file>..." to unstage)
	modified:   01_03_lss .txt
	new file:   script0.txt
	new file:   script01.sh
	new file:   script_test/message.txt

Changes not staged for commit:
  (use "git add <file>..." to update what will be committed)
  (use "git restore <file>..." to discard changes in working directory)
  (commit or discard the untracked or modified content in submodules)
	modified:   lss (modified content)

(base) ninadhegde@ninadhegde-ROG-Strix-G731GU-G731GU:~/git/lss$ git add .
(base) ninadhegde@ninadhegde-ROG-Strix-G731GU-G731GU:~/git/lss$ git commit -m "Lss shell script->0 march 1.3"
[main 4608796] Lss shell script->0 march 1.3
 4 files changed, 223 insertions(+), 1 deletion(-)
 create mode 100644 script0.txt
 create mode 100755 script01.sh
 create mode 100644 script_test/message.txt
(base) ninadhegde@ninadhegde-ROG-Strix-G731GU-G731GU:~/git/lss$ git push -u origin main
Enumerating objects: 9, done.
Counting objects: 100% (9/9), done.
Delta compression using up to 12 threads
Compressing objects: 100% (5/5), done.
Writing objects: 100% (7/7), 3.18 KiB | 3.18 MiB/s, done.
Total 7 (delta 1), reused 0 (delta 0), pack-reused 0
remote: Resolving deltas: 100% (1/1), completed with 1 local object.
To github.com:ninadhegde/lss.git
   7cface8..4608796  main -> main
Branch 'main' set up to track remote branch 'main' from 'origin'.

(base) ninadhegde@ninadhegde-ROG-Strix-G731GU-G731GU:~/git/lss$ ./script02.sh 
 this is value of var : 567
This is test RVCE
(base) ninadhegde@ninadhegde-ROG-Strix-G731GU-G731GU:~/git/lss$ ./script02.sh 
 this is value of var : 567
This is test RVCE
Boolian : False
host : ninadhegde-ROG-Strix-G731GU-G731GU
(base) ninadhegde@ninadhegde-ROG-Strix-G731GU-G731GU:~/git/lss$ 








