ninadhegde@ninadhegde-ROG-Strix-G731GU-G731GU:~$ libreoffice
Warning: failed to launch javaldx - java may not function correctly

^C
ninadhegde@ninadhegde-ROG-Strix-G731GU-G731GU:~$ libreoffice&
[1] 8417
ninadhegde@ninadhegde-ROG-Strix-G731GU-G731GU:~$ Warning: failed to launch javaldx - java may not function correctly
&
bash: syntax error near unexpected token `&'
ninadhegde@ninadhegde-ROG-Strix-G731GU-G731GU:~$ ps
    PID TTY          TIME CMD
   8321 pts/0    00:00:00 bash
   8417 pts/0    00:00:00 oosplash
   8432 pts/0    00:00:03 soffice.bin
   8500 pts/0    00:00:00 ps
ninadhegde@ninadhegde-ROG-Strix-G731GU-G731GU:~$ gnome-
gnome-calculator              gnome-extensions              gnome-language-selector       gnome-session                 gnome-shell-extension-tool    gnome-terminal.wrapper
gnome-calendar                gnome-font-viewer             gnome-logs                    gnome-session-custom-session  gnome-shell-perf-tool         gnome-text-editor
gnome-characters              gnome-help                    gnome-mahjongg                gnome-session-inhibit         gnome-sudoku                  gnome-thumbnail-font
gnome-control-center          gnome-keyring                 gnome-menus-blacklist         gnome-session-properties      gnome-system-monitor          gnome-todo
gnome-disk-image-mounter      gnome-keyring-3               gnome-mines                   gnome-session-quit            gnome-terminal                
gnome-disks                   gnome-keyring-daemon          gnome-power-statistics        gnome-shell                   gnome-terminal.real           
ninadhegde@ninadhegde-ROG-Strix-G731GU-G731GU:~$ gnome-todo

(gnome-todo:8824): GLib-GObject-WARNING **: 17:32:35.681: invalid cast from 'GtdTaskListEds' to 'GListModel'

(gnome-todo:8824): GLib-GIO-CRITICAL **: 17:32:35.681: g_list_model_get_n_items: assertion 'G_IS_LIST_MODEL (list)' failed

(gnome-todo:8824): GLib-GObject-WARNING **: 17:32:37.916: invalid cast from 'GtdTaskListEds' to 'GListModel'

(gnome-todo:8824): GLib-GIO-CRITICAL **: 17:32:37.916: g_list_model_get_n_items: assertion 'G_IS_LIST_MODEL (list)' failed
^C
ninadhegde@ninadhegde-ROG-Strix-G731GU-G731GU:~$ gnome-te
gnome-te: command not found
ninadhegde@ninadhegde-ROG-Strix-G731GU-G731GU:~$ gnome-todo
^C
ninadhegde@ninadhegde-ROG-Strix-G731GU-G731GU:~$ gnome-terminal
ninadhegde@ninadhegde-ROG-Strix-G731GU-G731GU:~$ gnome-calculator

** (gnome-calculator:8984): WARNING **: 17:36:46.458: currency-provider.vala:161: Couldn't download IMF currency rate file: Unacceptable TLS certificate

** (gnome-calculator:8984): WARNING **: 17:36:46.598: currency-provider.vala:386: Cannot use ECB rates as don't have EUR rate
ninadhegde@ninadhegde-ROG-Strix-G731GU-G731GU:~$ firefox
Gtk-Message: 17:41:40.864: Failed to load module "canberra-gtk-module"
Gtk-Message: 17:41:40.865: Failed to load module "canberra-gtk-module"
ATTENTION: default value of option mesa_glthread overridden by environment.
ATTENTION: default value of option mesa_glthread overridden by environment.
ATTENTION: default value of option mesa_glthread overridden by environment.
Missing chrome or resource URL: resource://gre/modules/UpdateListener.jsm
Missing chrome or resource URL: resource://gre/modules/UpdateListener.sys.mjs
^CExiting due to channel error.
Exiting due to channel error.
Exiting due to channel error.
Exiting due to channel error.
Exiting due to channel error.
Exiting due to channel error.

ninadhegde@ninadhegde-ROG-Strix-G731GU-G731GU:~$ ping www.google.in
PING www.google.in (142.250.66.3) 56(84) bytes of data.
^C
--- www.google.in ping statistics ---
8 packets transmitted, 0 received, 100% packet loss, time 7173ms

ninadhegde@ninadhegde-ROG-Strix-G731GU-G731GU:~$ ping http://172.16.2.133
ping: http://172.16.2.133: Name or service not known
ninadhegde@ninadhegde-ROG-Strix-G731GU-G731GU:~$ ping 172.16.2.133
PING 172.16.2.133 (172.16.2.133) 56(84) bytes of data.
^C
--- 172.16.2.133 ping statistics ---
12 packets transmitted, 0 received, 100% packet loss, time 11248ms

ninadhegde@ninadhegde-ROG-Strix-G731GU-G731GU:~$ sudo apt-get install sl
[sudo] password for ninadhegde: 
Reading package lists... Done
Building dependency tree... Done
Reading state information... Done
The following NEW packages will be installed:
  sl
0 upgraded, 1 newly installed, 0 to remove and 288 not upgraded.
Need to get 12.7 kB of archives.
After this operation, 60.4 kB of additional disk space will be used.
Get:1 http://in.archive.ubuntu.com/ubuntu jammy/universe amd64 sl amd64 5.02-1 [12.7 kB]
Fetched 12.7 kB in 16s (804 B/s)                         
Selecting previously unselected package sl.
(Reading database ... 161259 files and directories currently installed.)
Preparing to unpack .../archives/sl_5.02-1_amd64.deb ...
Unpacking sl (5.02-1) ...
Setting up sl (5.02-1) ...
Processing triggers for man-db (2.10.2-1) ...
ninadhegde@ninadhegde-ROG-Strix-G731GU-G731GU:~$ sudo apt-get install sl
Reading package lists... Done
Building dependency tree... Done
Reading state information... Done
sl is already the newest version (5.02-1).
0 upgraded, 0 newly installed, 0 to remove and 288 not upgraded.
ninadhegde@ninadhegde-ROG-Strix-G731GU-G731GU:~$ sudo apt-get update
Hit:1 http://in.archive.ubuntu.com/ubuntu jammy InRelease                                                                          
Get:2 http://in.archive.ubuntu.com/ubuntu jammy-updates InRelease [119 kB]                                         
Get:3 http://in.archive.ubuntu.com/ubuntu jammy-backports InRelease [107 kB]                                                  
Get:4 http://in.archive.ubuntu.com/ubuntu jammy-updates/main amd64 Packages [886 kB]                                         
Hit:5 https://brave-browser-apt-release.s3.brave.com stable InRelease                                                       
Get:6 http://in.archive.ubuntu.com/ubuntu jammy-updates/main i386 Packages [437 kB]                                         
Get:7 http://in.archive.ubuntu.com/ubuntu jammy-updates/main Translation-en [194 kB]         
Get:8 http://in.archive.ubuntu.com/ubuntu jammy-updates/main amd64 DEP-11 Metadata [101 kB]        
Get:9 http://in.archive.ubuntu.com/ubuntu jammy-updates/main amd64 c-n-f Metadata [13.5 kB]                
Get:10 http://in.archive.ubuntu.com/ubuntu jammy-updates/restricted amd64 Packages [609 kB]                 
Get:11 http://in.archive.ubuntu.com/ubuntu jammy-updates/restricted i386 Packages [25.9 kB]          
Get:12 http://in.archive.ubuntu.com/ubuntu jammy-updates/restricted Translation-en [93.5 kB]     
Get:13 http://in.archive.ubuntu.com/ubuntu jammy-updates/universe amd64 Packages [805 kB]                                      
Get:14 http://in.archive.ubuntu.com/ubuntu jammy-updates/universe i386 Packages [570 kB]                                                                                                                  
Get:15 http://in.archive.ubuntu.com/ubuntu jammy-updates/universe Translation-en [144 kB]                                                                                                                 
Get:16 http://in.archive.ubuntu.com/ubuntu jammy-updates/universe amd64 DEP-11 Metadata [265 kB]                                                                                                          
Get:17 http://in.archive.ubuntu.com/ubuntu jammy-updates/universe amd64 c-n-f Metadata [15.4 kB]                                                                                                          
Get:18 http://in.archive.ubuntu.com/ubuntu jammy-updates/multiverse amd64 DEP-11 Metadata [940 B]                                                                                                         
Get:19 http://in.archive.ubuntu.com/ubuntu jammy-backports/main amd64 DEP-11 Metadata [8,000 B]                                                                                                           
Get:20 http://in.archive.ubuntu.com/ubuntu jammy-backports/universe amd64 DEP-11 Metadata [12.4 kB]                                                                                                       
Get:21 http://security.ubuntu.com/ubuntu jammy-security InRelease [110 kB]                                                                                                                                
Get:22 http://security.ubuntu.com/ubuntu jammy-security/main i386 Packages [254 kB]                                                                                                                       
Get:23 http://security.ubuntu.com/ubuntu jammy-security/main amd64 Packages [624 kB]                                                                                                                      
Get:24 http://security.ubuntu.com/ubuntu jammy-security/main amd64 DEP-11 Metadata [41.6 kB]                                                                                                              
Get:25 http://security.ubuntu.com/ubuntu jammy-security/universe amd64 Packages [639 kB]                                                                                                                  
Get:26 http://security.ubuntu.com/ubuntu jammy-security/universe i386 Packages [490 kB]                                                                                                                   
Get:27 http://security.ubuntu.com/ubuntu jammy-security/universe amd64 DEP-11 Metadata [13.3 kB]                                                                                                          
Get:28 http://security.ubuntu.com/ubuntu jammy-security/universe amd64 c-n-f Metadata [11.3 kB]                                                                                                           
Fetched 6,590 kB in 21s (320 kB/s)                                                                                                                                                                        
Reading package lists... Done
N: Skipping acquire of configured file 'main/binary-i386/Packages' as repository 'https://brave-browser-apt-release.s3.brave.com stable InRelease' doesn't support architecture 'i386'
ninadhegde@ninadhegde-ROG-Strix-G731GU-G731GU:~$ sl
ninadhegde@ninadhegde-ROG-Strix-G731GU-G731GU:~$ dpkg -i [pkg name]

ninadhegde@ninadhegde-ROG-Strix-G731GU-G731GU:~$ man dpkg
ninadhegde@ninadhegde-ROG-Strix-G731GU-G731GU:~$ sudo apt-get
[sudo] password for ninadhegde: 
apt 2.4.6 (amd64)
Usage: apt-get [options] command
       apt-get [options] install|remove pkg1 [pkg2 ...]
       apt-get [options] source pkg1 [pkg2 ...]

apt-get is a command line interface for retrieval of packages
and information about them from authenticated sources and
for installation, upgrade and removal of packages together
with their dependencies.

Most used commands:
  update - Retrieve new lists of packages
  upgrade - Perform an upgrade
  install - Install new packages (pkg is libc6 not libc6.deb)
  reinstall - Reinstall packages (pkg is libc6 not libc6.deb)
  remove - Remove packages
  purge - Remove packages and config files
  autoremove - Remove automatically all unused packages
  dist-upgrade - Distribution upgrade, see apt-get(8)
  dselect-upgrade - Follow dselect selections
  build-dep - Configure build-dependencies for source packages
  satisfy - Satisfy dependency strings
  clean - Erase downloaded archive files
  autoclean - Erase old downloaded archive files
  check - Verify that there are no broken dependencies
  source - Download source archives
  download - Download the binary package into the current directory
  changelog - Download and display the changelog for the given package

See apt-get(8) for more information about the available commands.
Configuration options and syntax is detailed in apt.conf(5).
Information about how to configure sources can be found in sources.list(5).
Package and version choices can be expressed via apt_preferences(5).
Security details are available in apt-secure(8).
                                        This APT has Super Cow Powers.
ninadhegde@ninadhegde-ROG-Strix-G731GU-G731GU:~$ 

ninadhegde@ninadhegde-ROG-Strix-G731GU-G731GU:~$ man dpkg
ninadhegde@ninadhegde-ROG-Strix-G731GU-G731GU:~$ sudo apt-get
[sudo] password for ninadhegde: 
apt 2.4.6 (amd64)
Usage: apt-get [options] command
       apt-get [options] install|remove pkg1 [pkg2 ...]
       apt-get [options] source pkg1 [pkg2 ...]

apt-get is a command line interface for retrieval of packages
and information about them from authenticated sources and
for installation, upgrade and removal of packages together
with their dependencies.

Most used commands:
  update - Retrieve new lists of packages
  upgrade - Perform an upgrade
  install - Install new packages (pkg is libc6 not libc6.deb)
  reinstall - Reinstall packages (pkg is libc6 not libc6.deb)
  remove - Remove packages
  purge - Remove packages and config files
  autoremove - Remove automatically all unused packages
  dist-upgrade - Distribution upgrade, see apt-get(8)
  dselect-upgrade - Follow dselect selections
  build-dep - Configure build-dependencies for source packages
  satisfy - Satisfy dependency strings
  clean - Erase downloaded archive files
  autoclean - Erase old downloaded archive files
  check - Verify that there are no broken dependencies
  source - Download source archives
  download - Download the binary package into the current directory
  changelog - Download and display the changelog for the given package

See apt-get(8) for more information about the available commands.
Configuration options and syntax is detailed in apt.conf(5).
Information about how to configure sources can be found in sources.list(5).
Package and version choices can be expressed via apt_preferences(5).
Security details are available in apt-secure(8).
                                        This APT has Super Cow Powers.
ninadhegde@ninadhegde-ROG-Strix-G731GU-G731GU:~$ 

ninadhegde@ninadhegde-ROG-Strix-G731GU-G731GU:~$ sudo nano /etc/apt/
apt.conf.d/     auth.conf.d/    keyrings/       preferences.d/  sources.list    sources.list.d/ trusted.gpg.d/  
ninadhegde@ninadhegde-ROG-Strix-G731GU-G731GU:~$ sudo nano /etc/apt/sources.list
ninadhegde@ninadhegde-ROG-Strix-G731GU-G731GU:~$ sudo nano /etc/apt/sources.list
ninadhegde@ninadhegde-ROG-Strix-G731GU-G731GU:~$ ls /boot/vmlinuz
vmlinuz                    vmlinuz-5.15.0-43-generic  
ninadhegde@ninadhegde-ROG-Strix-G731GU-G731GU:~$ ls /boot/vmlinuz
vmlinuz                    vmlinuz-5.15.0-43-generic  
ninadhegde@ninadhegde-ROG-Strix-G731GU-G731GU:~$ ls 
.bash_history              .cache/                    Documents/                 .gnupg/                    Music/                     Public/                    .sudo_as_admin_successful
.bash_logout               .config/                   Downloads/                 .lesshst                   Pictures/                  snap/                      Templates/
.bashrc                    Desktop/                   .fontconfig/               .local/                    .profile                   .ssh/                      Videos/
ninadhegde@ninadhegde-ROG-Strix-G731GU-G731GU:~$ ls /
bin/        cdrom/      etc/        lib/        lib64/      lost+found/ mnt/        proc/       run/        snap/       sys/        usr/        
boot/       dev/        home/       lib32/      libx32/     media/      opt/        root/       sbin/       srv/        tmp/        var/        
ninadhegde@ninadhegde-ROG-Strix-G731GU-G731GU:~$ ls /etc/
Display all 226 possibilities? (y or n)
ninadhegde@ninadhegde-ROG-Strix-G731GU-G731GU:~$ ls /boot/
config-5.15.0-43-generic      grub/                         initrd.img-5.15.0-43-generic  memtest86+.bin                memtest86+_multiboot.bin      vmlinuz
efi/                          initrd.img                    initrd.img.old                memtest86+.elf                System.map-5.15.0-43-generic  vmlinuz-5.15.0-43-generic
ninadhegde@ninadhegde-ROG-Strix-G731GU-G731GU:~$ ls /boot/grub/
fonts/            gfxblacklist.txt  grub.cfg          grubenv           locale/           unicode.pf2       x86_64-efi/       
ninadhegde@ninadhegde-ROG-Strix-G731GU-G731GU:~$ cpuinfo
Command 'cpuinfo' not found, did you mean:
  command 'cpu-info' from deb cpuinfo (0.0~git20220131.85e931e-1)
Try: sudo apt install <deb name>
ninadhegde@ninadhegde-ROG-Strix-G731GU-G731GU:~$ cat /proc/cpuinfo 
processor	: 0
vendor_id	: GenuineIntel
cpu family	: 6
model		: 158
model name	: Intel(R) Core(TM) i7-9750H CPU @ 2.60GHz
stepping	: 10
microcode	: 0xf0
cpu MHz		: 2600.000
cache size	: 12288 KB
physical id	: 0
siblings	: 12
core id		: 0
cpu cores	: 6
apicid		: 0
initial apicid	: 0
fpu		: yes
fpu_exception	: yes
cpuid level	: 22
wp		: yes
flags		: fpu vme de pse tsc msr pae mce cx8 apic sep mtrr pge mca cmov pat pse36 clflush dts acpi mmx fxsr sse sse2 ss ht tm pbe syscall nx pdpe1gb rdtscp lm constant_tsc art arch_perfmon pebs bts rep_good nopl xtopology nonstop_tsc cpuid aperfmperf pni pclmulqdq dtes64 monitor ds_cpl vmx est tm2 ssse3 sdbg fma cx16 xtpr pdcm pcid sse4_1 sse4_2 x2apic movbe popcnt tsc_deadline_timer aes xsave avx f16c rdrand lahf_lm abm 3dnowprefetch cpuid_fault epb invpcid_single pti ssbd ibrs ibpb stibp tpr_shadow vnmi flexpriority ept vpid ept_ad fsgsbase tsc_adjust bmi1 avx2 smep bmi2 erms invpcid mpx rdseed adx smap clflushopt intel_pt xsaveopt xsavec xgetbv1 xsaves dtherm ida arat pln pts hwp hwp_notify hwp_act_window hwp_epp md_clear flush_l1d arch_capabilities
vmx flags	: vnmi preemption_timer invvpid ept_x_only ept_ad ept_1gb flexpriority tsc_offset vtpr mtf vapic ept vpid unrestricted_guest ple pml ept_mode_based_exec
bugs		: cpu_meltdown spectre_v1 spectre_v2 spec_store_bypass l1tf mds swapgs itlb_multihit srbds mmio_stale_data
bogomips	: 5199.98
clflush size	: 64
cache_alignment	: 64
address sizes	: 39 bits physical, 48 bits virtual
power management:

processor	: 1
vendor_id	: GenuineIntel
cpu family	: 6
model		: 158
model name	: Intel(R) Core(TM) i7-9750H CPU @ 2.60GHz
stepping	: 10
microcode	: 0xf0
cpu MHz		: 2600.000
cache size	: 12288 KB
physical id	: 0
siblings	: 12
core id		: 1
cpu cores	: 6
apicid		: 2
initial apicid	: 2
fpu		: yes
fpu_exception	: yes
cpuid level	: 22
wp		: yes
flags		: fpu vme de pse tsc msr pae mce cx8 apic sep mtrr pge mca cmov pat pse36 clflush dts acpi mmx fxsr sse sse2 ss ht tm pbe syscall nx pdpe1gb rdtscp lm constant_tsc art arch_perfmon pebs bts rep_good nopl xtopology nonstop_tsc cpuid aperfmperf pni pclmulqdq dtes64 monitor ds_cpl vmx est tm2 ssse3 sdbg fma cx16 xtpr pdcm pcid sse4_1 sse4_2 x2apic movbe popcnt tsc_deadline_timer aes xsave avx f16c rdrand lahf_lm abm 3dnowprefetch cpuid_fault epb invpcid_single pti ssbd ibrs ibpb stibp tpr_shadow vnmi flexpriority ept vpid ept_ad fsgsbase tsc_adjust bmi1 avx2 smep bmi2 erms invpcid mpx rdseed adx smap clflushopt intel_pt xsaveopt xsavec xgetbv1 xsaves dtherm ida arat pln pts hwp hwp_notify hwp_act_window hwp_epp md_clear flush_l1d arch_capabilities
vmx flags	: vnmi preemption_timer invvpid ept_x_only ept_ad ept_1gb flexpriority tsc_offset vtpr mtf vapic ept vpid unrestricted_guest ple pml ept_mode_based_exec
bugs		: cpu_meltdown spectre_v1 spectre_v2 spec_store_bypass l1tf mds swapgs itlb_multihit srbds mmio_stale_data
bogomips	: 5199.98
clflush size	: 64
cache_alignment	: 64
address sizes	: 39 bits physical, 48 bits virtual
power management:

processor	: 2
vendor_id	: GenuineIntel
cpu family	: 6
model		: 158
model name	: Intel(R) Core(TM) i7-9750H CPU @ 2.60GHz
stepping	: 10
microcode	: 0xf0
cpu MHz		: 2600.000
cache size	: 12288 KB
physical id	: 0
siblings	: 12
core id		: 2
cpu cores	: 6
apicid		: 4
initial apicid	: 4
fpu		: yes
fpu_exception	: yes
cpuid level	: 22
wp		: yes
flags		: fpu vme de pse tsc msr pae mce cx8 apic sep mtrr pge mca cmov pat pse36 clflush dts acpi mmx fxsr sse sse2 ss ht tm pbe syscall nx pdpe1gb rdtscp lm constant_tsc art arch_perfmon pebs bts rep_good nopl xtopology nonstop_tsc cpuid aperfmperf pni pclmulqdq dtes64 monitor ds_cpl vmx est tm2 ssse3 sdbg fma cx16 xtpr pdcm pcid sse4_1 sse4_2 x2apic movbe popcnt tsc_deadline_timer aes xsave avx f16c rdrand lahf_lm abm 3dnowprefetch cpuid_fault epb invpcid_single pti ssbd ibrs ibpb stibp tpr_shadow vnmi flexpriority ept vpid ept_ad fsgsbase tsc_adjust bmi1 avx2 smep bmi2 erms invpcid mpx rdseed adx smap clflushopt intel_pt xsaveopt xsavec xgetbv1 xsaves dtherm ida arat pln pts hwp hwp_notify hwp_act_window hwp_epp md_clear flush_l1d arch_capabilities
vmx flags	: vnmi preemption_timer invvpid ept_x_only ept_ad ept_1gb flexpriority tsc_offset vtpr mtf vapic ept vpid unrestricted_guest ple pml ept_mode_based_exec
bugs		: cpu_meltdown spectre_v1 spectre_v2 spec_store_bypass l1tf mds swapgs itlb_multihit srbds mmio_stale_data
bogomips	: 5199.98
clflush size	: 64
cache_alignment	: 64
address sizes	: 39 bits physical, 48 bits virtual
power management:

processor	: 3
vendor_id	: GenuineIntel
cpu family	: 6
model		: 158
model name	: Intel(R) Core(TM) i7-9750H CPU @ 2.60GHz
stepping	: 10
microcode	: 0xf0
cpu MHz		: 2600.000
cache size	: 12288 KB
physical id	: 0
siblings	: 12
core id		: 3
cpu cores	: 6
apicid		: 6
initial apicid	: 6
fpu		: yes
fpu_exception	: yes
cpuid level	: 22
wp		: yes
flags		: fpu vme de pse tsc msr pae mce cx8 apic sep mtrr pge mca cmov pat pse36 clflush dts acpi mmx fxsr sse sse2 ss ht tm pbe syscall nx pdpe1gb rdtscp lm constant_tsc art arch_perfmon pebs bts rep_good nopl xtopology nonstop_tsc cpuid aperfmperf pni pclmulqdq dtes64 monitor ds_cpl vmx est tm2 ssse3 sdbg fma cx16 xtpr pdcm pcid sse4_1 sse4_2 x2apic movbe popcnt tsc_deadline_timer aes xsave avx f16c rdrand lahf_lm abm 3dnowprefetch cpuid_fault epb invpcid_single pti ssbd ibrs ibpb stibp tpr_shadow vnmi flexpriority ept vpid ept_ad fsgsbase tsc_adjust bmi1 avx2 smep bmi2 erms invpcid mpx rdseed adx smap clflushopt intel_pt xsaveopt xsavec xgetbv1 xsaves dtherm ida arat pln pts hwp hwp_notify hwp_act_window hwp_epp md_clear flush_l1d arch_capabilities
vmx flags	: vnmi preemption_timer invvpid ept_x_only ept_ad ept_1gb flexpriority tsc_offset vtpr mtf vapic ept vpid unrestricted_guest ple pml ept_mode_based_exec
bugs		: cpu_meltdown spectre_v1 spectre_v2 spec_store_bypass l1tf mds swapgs itlb_multihit srbds mmio_stale_data
bogomips	: 5199.98
clflush size	: 64
cache_alignment	: 64
address sizes	: 39 bits physical, 48 bits virtual
power management:

processor	: 4
vendor_id	: GenuineIntel
cpu family	: 6
model		: 158
model name	: Intel(R) Core(TM) i7-9750H CPU @ 2.60GHz
stepping	: 10
microcode	: 0xf0
cpu MHz		: 2600.000
cache size	: 12288 KB
physical id	: 0
siblings	: 12
core id		: 4
cpu cores	: 6
apicid		: 8
initial apicid	: 8
fpu		: yes
fpu_exception	: yes
cpuid level	: 22
wp		: yes
flags		: fpu vme de pse tsc msr pae mce cx8 apic sep mtrr pge mca cmov pat pse36 clflush dts acpi mmx fxsr sse sse2 ss ht tm pbe syscall nx pdpe1gb rdtscp lm constant_tsc art arch_perfmon pebs bts rep_good nopl xtopology nonstop_tsc cpuid aperfmperf pni pclmulqdq dtes64 monitor ds_cpl vmx est tm2 ssse3 sdbg fma cx16 xtpr pdcm pcid sse4_1 sse4_2 x2apic movbe popcnt tsc_deadline_timer aes xsave avx f16c rdrand lahf_lm abm 3dnowprefetch cpuid_fault epb invpcid_single pti ssbd ibrs ibpb stibp tpr_shadow vnmi flexpriority ept vpid ept_ad fsgsbase tsc_adjust bmi1 avx2 smep bmi2 erms invpcid mpx rdseed adx smap clflushopt intel_pt xsaveopt xsavec xgetbv1 xsaves dtherm ida arat pln pts hwp hwp_notify hwp_act_window hwp_epp md_clear flush_l1d arch_capabilities
vmx flags	: vnmi preemption_timer invvpid ept_x_only ept_ad ept_1gb flexpriority tsc_offset vtpr mtf vapic ept vpid unrestricted_guest ple pml ept_mode_based_exec
bugs		: cpu_meltdown spectre_v1 spectre_v2 spec_store_bypass l1tf mds swapgs itlb_multihit srbds mmio_stale_data
bogomips	: 5199.98
clflush size	: 64
cache_alignment	: 64
address sizes	: 39 bits physical, 48 bits virtual
power management:

processor	: 5
vendor_id	: GenuineIntel
cpu family	: 6
model		: 158
model name	: Intel(R) Core(TM) i7-9750H CPU @ 2.60GHz
stepping	: 10
microcode	: 0xf0
cpu MHz		: 2600.000
cache size	: 12288 KB
physical id	: 0
siblings	: 12
core id		: 5
cpu cores	: 6
apicid		: 10
initial apicid	: 10
fpu		: yes
fpu_exception	: yes
cpuid level	: 22
wp		: yes
flags		: fpu vme de pse tsc msr pae mce cx8 apic sep mtrr pge mca cmov pat pse36 clflush dts acpi mmx fxsr sse sse2 ss ht tm pbe syscall nx pdpe1gb rdtscp lm constant_tsc art arch_perfmon pebs bts rep_good nopl xtopology nonstop_tsc cpuid aperfmperf pni pclmulqdq dtes64 monitor ds_cpl vmx est tm2 ssse3 sdbg fma cx16 xtpr pdcm pcid sse4_1 sse4_2 x2apic movbe popcnt tsc_deadline_timer aes xsave avx f16c rdrand lahf_lm abm 3dnowprefetch cpuid_fault epb invpcid_single pti ssbd ibrs ibpb stibp tpr_shadow vnmi flexpriority ept vpid ept_ad fsgsbase tsc_adjust bmi1 avx2 smep bmi2 erms invpcid mpx rdseed adx smap clflushopt intel_pt xsaveopt xsavec xgetbv1 xsaves dtherm ida arat pln pts hwp hwp_notify hwp_act_window hwp_epp md_clear flush_l1d arch_capabilities
vmx flags	: vnmi preemption_timer invvpid ept_x_only ept_ad ept_1gb flexpriority tsc_offset vtpr mtf vapic ept vpid unrestricted_guest ple pml ept_mode_based_exec
bugs		: cpu_meltdown spectre_v1 spectre_v2 spec_store_bypass l1tf mds swapgs itlb_multihit srbds mmio_stale_data
bogomips	: 5199.98
clflush size	: 64
cache_alignment	: 64
address sizes	: 39 bits physical, 48 bits virtual
power management:

processor	: 6
vendor_id	: GenuineIntel
cpu family	: 6
model		: 158
model name	: Intel(R) Core(TM) i7-9750H CPU @ 2.60GHz
stepping	: 10
microcode	: 0xf0
cpu MHz		: 2600.000
cache size	: 12288 KB
physical id	: 0
siblings	: 12
core id		: 0
cpu cores	: 6
apicid		: 1
initial apicid	: 1
fpu		: yes
fpu_exception	: yes
cpuid level	: 22
wp		: yes
flags		: fpu vme de pse tsc msr pae mce cx8 apic sep mtrr pge mca cmov pat pse36 clflush dts acpi mmx fxsr sse sse2 ss ht tm pbe syscall nx pdpe1gb rdtscp lm constant_tsc art arch_perfmon pebs bts rep_good nopl xtopology nonstop_tsc cpuid aperfmperf pni pclmulqdq dtes64 monitor ds_cpl vmx est tm2 ssse3 sdbg fma cx16 xtpr pdcm pcid sse4_1 sse4_2 x2apic movbe popcnt tsc_deadline_timer aes xsave avx f16c rdrand lahf_lm abm 3dnowprefetch cpuid_fault epb invpcid_single pti ssbd ibrs ibpb stibp tpr_shadow vnmi flexpriority ept vpid ept_ad fsgsbase tsc_adjust bmi1 avx2 smep bmi2 erms invpcid mpx rdseed adx smap clflushopt intel_pt xsaveopt xsavec xgetbv1 xsaves dtherm ida arat pln pts hwp hwp_notify hwp_act_window hwp_epp md_clear flush_l1d arch_capabilities
vmx flags	: vnmi preemption_timer invvpid ept_x_only ept_ad ept_1gb flexpriority tsc_offset vtpr mtf vapic ept vpid unrestricted_guest ple pml ept_mode_based_exec
bugs		: cpu_meltdown spectre_v1 spectre_v2 spec_store_bypass l1tf mds swapgs itlb_multihit srbds mmio_stale_data
bogomips	: 5199.98
clflush size	: 64
cache_alignment	: 64
address sizes	: 39 bits physical, 48 bits virtual
power management:

processor	: 7
vendor_id	: GenuineIntel
cpu family	: 6
model		: 158
model name	: Intel(R) Core(TM) i7-9750H CPU @ 2.60GHz
stepping	: 10
microcode	: 0xf0
cpu MHz		: 2600.000
cache size	: 12288 KB
physical id	: 0
siblings	: 12
core id		: 1
cpu cores	: 6
apicid		: 3
initial apicid	: 3
fpu		: yes
fpu_exception	: yes
cpuid level	: 22
wp		: yes
flags		: fpu vme de pse tsc msr pae mce cx8 apic sep mtrr pge mca cmov pat pse36 clflush dts acpi mmx fxsr sse sse2 ss ht tm pbe syscall nx pdpe1gb rdtscp lm constant_tsc art arch_perfmon pebs bts rep_good nopl xtopology nonstop_tsc cpuid aperfmperf pni pclmulqdq dtes64 monitor ds_cpl vmx est tm2 ssse3 sdbg fma cx16 xtpr pdcm pcid sse4_1 sse4_2 x2apic movbe popcnt tsc_deadline_timer aes xsave avx f16c rdrand lahf_lm abm 3dnowprefetch cpuid_fault epb invpcid_single pti ssbd ibrs ibpb stibp tpr_shadow vnmi flexpriority ept vpid ept_ad fsgsbase tsc_adjust bmi1 avx2 smep bmi2 erms invpcid mpx rdseed adx smap clflushopt intel_pt xsaveopt xsavec xgetbv1 xsaves dtherm ida arat pln pts hwp hwp_notify hwp_act_window hwp_epp md_clear flush_l1d arch_capabilities
vmx flags	: vnmi preemption_timer invvpid ept_x_only ept_ad ept_1gb flexpriority tsc_offset vtpr mtf vapic ept vpid unrestricted_guest ple pml ept_mode_based_exec
bugs		: cpu_meltdown spectre_v1 spectre_v2 spec_store_bypass l1tf mds swapgs itlb_multihit srbds mmio_stale_data
bogomips	: 5199.98
clflush size	: 64
cache_alignment	: 64
address sizes	: 39 bits physical, 48 bits virtual
power management:

processor	: 8
vendor_id	: GenuineIntel
cpu family	: 6
model		: 158
model name	: Intel(R) Core(TM) i7-9750H CPU @ 2.60GHz
stepping	: 10
microcode	: 0xf0
cpu MHz		: 2600.000
cache size	: 12288 KB
physical id	: 0
siblings	: 12
core id		: 2
cpu cores	: 6
apicid		: 5
initial apicid	: 5
fpu		: yes
fpu_exception	: yes
cpuid level	: 22
wp		: yes
flags		: fpu vme de pse tsc msr pae mce cx8 apic sep mtrr pge mca cmov pat pse36 clflush dts acpi mmx fxsr sse sse2 ss ht tm pbe syscall nx pdpe1gb rdtscp lm constant_tsc art arch_perfmon pebs bts rep_good nopl xtopology nonstop_tsc cpuid aperfmperf pni pclmulqdq dtes64 monitor ds_cpl vmx est tm2 ssse3 sdbg fma cx16 xtpr pdcm pcid sse4_1 sse4_2 x2apic movbe popcnt tsc_deadline_timer aes xsave avx f16c rdrand lahf_lm abm 3dnowprefetch cpuid_fault epb invpcid_single pti ssbd ibrs ibpb stibp tpr_shadow vnmi flexpriority ept vpid ept_ad fsgsbase tsc_adjust bmi1 avx2 smep bmi2 erms invpcid mpx rdseed adx smap clflushopt intel_pt xsaveopt xsavec xgetbv1 xsaves dtherm ida arat pln pts hwp hwp_notify hwp_act_window hwp_epp md_clear flush_l1d arch_capabilities
vmx flags	: vnmi preemption_timer invvpid ept_x_only ept_ad ept_1gb flexpriority tsc_offset vtpr mtf vapic ept vpid unrestricted_guest ple pml ept_mode_based_exec
bugs		: cpu_meltdown spectre_v1 spectre_v2 spec_store_bypass l1tf mds swapgs itlb_multihit srbds mmio_stale_data
bogomips	: 5199.98
clflush size	: 64
cache_alignment	: 64
address sizes	: 39 bits physical, 48 bits virtual
power management:

processor	: 9
vendor_id	: GenuineIntel
cpu family	: 6
model		: 158
model name	: Intel(R) Core(TM) i7-9750H CPU @ 2.60GHz
stepping	: 10
microcode	: 0xf0
cpu MHz		: 800.004
cache size	: 12288 KB
physical id	: 0
siblings	: 12
core id		: 3
cpu cores	: 6
apicid		: 7
initial apicid	: 7
fpu		: yes
fpu_exception	: yes
cpuid level	: 22
wp		: yes
flags		: fpu vme de pse tsc msr pae mce cx8 apic sep mtrr pge mca cmov pat pse36 clflush dts acpi mmx fxsr sse sse2 ss ht tm pbe syscall nx pdpe1gb rdtscp lm constant_tsc art arch_perfmon pebs bts rep_good nopl xtopology nonstop_tsc cpuid aperfmperf pni pclmulqdq dtes64 monitor ds_cpl vmx est tm2 ssse3 sdbg fma cx16 xtpr pdcm pcid sse4_1 sse4_2 x2apic movbe popcnt tsc_deadline_timer aes xsave avx f16c rdrand lahf_lm abm 3dnowprefetch cpuid_fault epb invpcid_single pti ssbd ibrs ibpb stibp tpr_shadow vnmi flexpriority ept vpid ept_ad fsgsbase tsc_adjust bmi1 avx2 smep bmi2 erms invpcid mpx rdseed adx smap clflushopt intel_pt xsaveopt xsavec xgetbv1 xsaves dtherm ida arat pln pts hwp hwp_notify hwp_act_window hwp_epp md_clear flush_l1d arch_capabilities
vmx flags	: vnmi preemption_timer invvpid ept_x_only ept_ad ept_1gb flexpriority tsc_offset vtpr mtf vapic ept vpid unrestricted_guest ple pml ept_mode_based_exec
bugs		: cpu_meltdown spectre_v1 spectre_v2 spec_store_bypass l1tf mds swapgs itlb_multihit srbds mmio_stale_data
bogomips	: 5199.98
clflush size	: 64
cache_alignment	: 64
address sizes	: 39 bits physical, 48 bits virtual
power management:

processor	: 10
vendor_id	: GenuineIntel
cpu family	: 6
model		: 158
model name	: Intel(R) Core(TM) i7-9750H CPU @ 2.60GHz
stepping	: 10
microcode	: 0xf0
cpu MHz		: 2600.000
cache size	: 12288 KB
physical id	: 0
siblings	: 12
core id		: 4
cpu cores	: 6
apicid		: 9
initial apicid	: 9
fpu		: yes
fpu_exception	: yes
cpuid level	: 22
wp		: yes
flags		: fpu vme de pse tsc msr pae mce cx8 apic sep mtrr pge mca cmov pat pse36 clflush dts acpi mmx fxsr sse sse2 ss ht tm pbe syscall nx pdpe1gb rdtscp lm constant_tsc art arch_perfmon pebs bts rep_good nopl xtopology nonstop_tsc cpuid aperfmperf pni pclmulqdq dtes64 monitor ds_cpl vmx est tm2 ssse3 sdbg fma cx16 xtpr pdcm pcid sse4_1 sse4_2 x2apic movbe popcnt tsc_deadline_timer aes xsave avx f16c rdrand lahf_lm abm 3dnowprefetch cpuid_fault epb invpcid_single pti ssbd ibrs ibpb stibp tpr_shadow vnmi flexpriority ept vpid ept_ad fsgsbase tsc_adjust bmi1 avx2 smep bmi2 erms invpcid mpx rdseed adx smap clflushopt intel_pt xsaveopt xsavec xgetbv1 xsaves dtherm ida arat pln pts hwp hwp_notify hwp_act_window hwp_epp md_clear flush_l1d arch_capabilities
vmx flags	: vnmi preemption_timer invvpid ept_x_only ept_ad ept_1gb flexpriority tsc_offset vtpr mtf vapic ept vpid unrestricted_guest ple pml ept_mode_based_exec
bugs		: cpu_meltdown spectre_v1 spectre_v2 spec_store_bypass l1tf mds swapgs itlb_multihit srbds mmio_stale_data
bogomips	: 5199.98
clflush size	: 64
cache_alignment	: 64
address sizes	: 39 bits physical, 48 bits virtual
power management:

processor	: 11
vendor_id	: GenuineIntel
cpu family	: 6
model		: 158
model name	: Intel(R) Core(TM) i7-9750H CPU @ 2.60GHz
stepping	: 10
microcode	: 0xf0
cpu MHz		: 2600.000
cache size	: 12288 KB
physical id	: 0
siblings	: 12
core id		: 5
cpu cores	: 6
apicid		: 11
initial apicid	: 11
fpu		: yes
fpu_exception	: yes
cpuid level	: 22
wp		: yes
flags		: fpu vme de pse tsc msr pae mce cx8 apic sep mtrr pge mca cmov pat pse36 clflush dts acpi mmx fxsr sse sse2 ss ht tm pbe syscall nx pdpe1gb rdtscp lm constant_tsc art arch_perfmon pebs bts rep_good nopl xtopology nonstop_tsc cpuid aperfmperf pni pclmulqdq dtes64 monitor ds_cpl vmx est tm2 ssse3 sdbg fma cx16 xtpr pdcm pcid sse4_1 sse4_2 x2apic movbe popcnt tsc_deadline_timer aes xsave avx f16c rdrand lahf_lm abm 3dnowprefetch cpuid_fault epb invpcid_single pti ssbd ibrs ibpb stibp tpr_shadow vnmi flexpriority ept vpid ept_ad fsgsbase tsc_adjust bmi1 avx2 smep bmi2 erms invpcid mpx rdseed adx smap clflushopt intel_pt xsaveopt xsavec xgetbv1 xsaves dtherm ida arat pln pts hwp hwp_notify hwp_act_window hwp_epp md_clear flush_l1d arch_capabilities
vmx flags	: vnmi preemption_timer invvpid ept_x_only ept_ad ept_1gb flexpriority tsc_offset vtpr mtf vapic ept vpid unrestricted_guest ple pml ept_mode_based_exec
bugs		: cpu_meltdown spectre_v1 spectre_v2 spec_store_bypass l1tf mds swapgs itlb_multihit srbds mmio_stale_data
bogomips	: 5199.98
clflush size	: 64
cache_alignment	: 64
address sizes	: 39 bits physical, 48 bits virtual
power management:

ninadhegde@ninadhegde-ROG-Strix-G731GU-G731GU:~$ 
sudo adduser '[username]'

